[    0.000000] Linux version 4.15.0-213-generic (buildd@lcy02-amd64-079) (gcc version 7.5.0 (Ubuntu 7.5.0-3ubuntu1~18.04)) #224-Ubuntu SMP Mon Jun 19 13:30:12 UTC 2023 (Ubuntu 4.15.0-213.224-generic 4.15.18)
[    0.000000] Command line: BOOT_IMAGE=/boot/vmlinuz-4.15.0-213-generic root=UUID=f685bb41-0e3b-40c4-89c1-eea0f0583525 ro console=tty1 console=ttyS0
[    0.000000] KERNEL supported cpus:
[    0.000000]   Intel GenuineIntel
[    0.000000]   AMD AuthenticAMD
[    0.000000]   Centaur CentaurHauls
[    0.000000] x86/fpu: x87 FPU will use FXSAVE
[    0.000000] e820: BIOS-provided physical RAM map:
[    0.000000] BIOS-e820: [mem 0x0000000000000000-0x000000000009fbff] usable
[    0.000000] BIOS-e820: [mem 0x000000000009fc00-0x000000000009ffff] reserved
[    0.000000] BIOS-e820: [mem 0x00000000000f0000-0x00000000000fffff] reserved
[    0.000000] BIOS-e820: [mem 0x0000000000100000-0x00000000dffeffff] usable
[    0.000000] BIOS-e820: [mem 0x00000000dfff0000-0x00000000dfffffff] ACPI data
[    0.000000] BIOS-e820: [mem 0x00000000fec00000-0x00000000fec00fff] reserved
[    0.000000] BIOS-e820: [mem 0x00000000fee00000-0x00000000fee00fff] reserved
[    0.000000] BIOS-e820: [mem 0x00000000fffc0000-0x00000000ffffffff] reserved
[    0.000000] BIOS-e820: [mem 0x0000000100000000-0x000000021fffffff] usable
[    0.000000] NX (Execute Disable) protection: active
[    0.000000] SMBIOS 2.5 present.
[    0.000000] DMI: innotek GmbH VirtualBox/VirtualBox, BIOS VirtualBox 12/01/2006
[    0.000000] Hypervisor detected: KVM
[    0.000000] e820: last_pfn = 0x220000 max_arch_pfn = 0x400000000
[    0.000000] MTRR: Disabled
[    0.000000] x86/PAT: MTRRs disabled, skipping PAT initialization too.
[    0.000000] CPU MTRRs all blank - virtualized system.
[    0.000000] x86/PAT: Configuration [0-7]: WB  WT  UC- UC  WB  WT  UC- UC  
[    0.000000] e820: last_pfn = 0xdfff0 max_arch_pfn = 0x400000000
[    0.000000] found SMP MP-table at [mem 0x0009fff0-0x0009ffff]
[    0.000000] Scanning 1 areas for low memory corruption
[    0.000000] RAMDISK: [mem 0x35819000-0x36c03fff]
[    0.000000] ACPI: Early table checksum verification disabled
[    0.000000] ACPI: RSDP 0x00000000000E0000 000024 (v02 VBOX  )
[    0.000000] ACPI: XSDT 0x00000000DFFF0030 00003C (v01 VBOX   VBOXXSDT 00000001 ASL  00000061)
[    0.000000] ACPI: FACP 0x00000000DFFF00F0 0000F4 (v04 VBOX   VBOXFACP 00000001 ASL  00000061)
[    0.000000] ACPI: DSDT 0x00000000DFFF0630 002353 (v02 VBOX   VBOXBIOS 00000002 INTL 20100528)
[    0.000000] ACPI: FACS 0x00000000DFFF0200 000040
[    0.000000] ACPI: FACS 0x00000000DFFF0200 000040
[    0.000000] ACPI: APIC 0x00000000DFFF0240 00007C (v02 VBOX   VBOXAPIC 00000001 ASL  00000061)
[    0.000000] ACPI: SSDT 0x00000000DFFF02C0 00036C (v01 VBOX   VBOXCPUT 00000002 INTL 20100528)
[    0.000000] ACPI: Reserving FACP table memory at [mem 0xdfff00f0-0xdfff01e3]
[    0.000000] ACPI: Reserving DSDT table memory at [mem 0xdfff0630-0xdfff2982]
[    0.000000] ACPI: Reserving FACS table memory at [mem 0xdfff0200-0xdfff023f]
[    0.000000] ACPI: Reserving FACS table memory at [mem 0xdfff0200-0xdfff023f]
[    0.000000] ACPI: Reserving APIC table memory at [mem 0xdfff0240-0xdfff02bb]
[    0.000000] ACPI: Reserving SSDT table memory at [mem 0xdfff02c0-0xdfff062b]
[    0.000000] No NUMA configuration found
[    0.000000] Faking a node at [mem 0x0000000000000000-0x000000021fffffff]
[    0.000000] NODE_DATA(0) allocated [mem 0x21ffd1000-0x21fffbfff]
[    0.000000] kvm-clock: cpu 0, msr 2:1ff50001, primary cpu clock
[    0.000000] kvm-clock: Using msrs 4b564d01 and 4b564d00
[    0.000000] kvm-clock: using sched offset of 3455149905 cycles
[    0.000000] clocksource: kvm-clock: mask: 0xffffffffffffffff max_cycles: 0x1cd42e4dffb, max_idle_ns: 881590591483 ns
[    0.000000] Zone ranges:
[    0.000000]   DMA      [mem 0x0000000000001000-0x0000000000ffffff]
[    0.000000]   DMA32    [mem 0x0000000001000000-0x00000000ffffffff]
[    0.000000]   Normal   [mem 0x0000000100000000-0x000000021fffffff]
[    0.000000]   Device   empty
[    0.000000] Movable zone start for each node
[    0.000000] Early memory node ranges
[    0.000000]   node   0: [mem 0x0000000000001000-0x000000000009efff]
[    0.000000]   node   0: [mem 0x0000000000100000-0x00000000dffeffff]
[    0.000000]   node   0: [mem 0x0000000100000000-0x000000021fffffff]
[    0.000000] Reserved but unavailable: 104 pages
[    0.000000] Initmem setup node 0 [mem 0x0000000000001000-0x000000021fffffff]
[    0.000000] ACPI: PM-Timer IO Port: 0x4008
[    0.000000] IOAPIC[0]: apic_id 6, version 32, address 0xfec00000, GSI 0-23
[    0.000000] ACPI: INT_SRC_OVR (bus 0 bus_irq 0 global_irq 2 dfl dfl)
[    0.000000] ACPI: INT_SRC_OVR (bus 0 bus_irq 9 global_irq 9 low level)
[    0.000000] Using ACPI (MADT) for SMP configuration information
[    0.000000] smpboot: Allowing 6 CPUs, 0 hotplug CPUs
[    0.000000] PM: Registered nosave memory: [mem 0x00000000-0x00000fff]
[    0.000000] PM: Registered nosave memory: [mem 0x0009f000-0x0009ffff]
[    0.000000] PM: Registered nosave memory: [mem 0x000a0000-0x000effff]
[    0.000000] PM: Registered nosave memory: [mem 0x000f0000-0x000fffff]
[    0.000000] PM: Registered nosave memory: [mem 0xdfff0000-0xdfffffff]
[    0.000000] PM: Registered nosave memory: [mem 0xe0000000-0xfebfffff]
[    0.000000] PM: Registered nosave memory: [mem 0xfec00000-0xfec00fff]
[    0.000000] PM: Registered nosave memory: [mem 0xfec01000-0xfedfffff]
[    0.000000] PM: Registered nosave memory: [mem 0xfee00000-0xfee00fff]
[    0.000000] PM: Registered nosave memory: [mem 0xfee01000-0xfffbffff]
[    0.000000] PM: Registered nosave memory: [mem 0xfffc0000-0xffffffff]
[    0.000000] e820: [mem 0xe0000000-0xfebfffff] available for PCI devices
[    0.000000] Booting paravirtualized kernel on KVM
[    0.000000] clocksource: refined-jiffies: mask: 0xffffffff max_cycles: 0xffffffff, max_idle_ns: 7645519600211568 ns
[    0.000000] setup_percpu: NR_CPUS:8192 nr_cpumask_bits:6 nr_cpu_ids:6 nr_node_ids:1
[    0.000000] percpu: Embedded 50 pages/cpu s167936 r8192 d28672 u262144
[    0.000000] PV qspinlock hash table entries: 256 (order: 0, 4096 bytes)
[    0.000000] Built 1 zonelists, mobility grouping on.  Total pages: 2064249
[    0.000000] Policy zone: Normal
[    0.000000] Kernel command line: BOOT_IMAGE=/boot/vmlinuz-4.15.0-213-generic root=UUID=f685bb41-0e3b-40c4-89c1-eea0f0583525 ro console=tty1 console=ttyS0
[    0.000000] Memory: 8140352K/8388152K available (12300K kernel code, 2477K rwdata, 4324K rodata, 2480K init, 2720K bss, 247800K reserved, 0K cma-reserved)
[    0.000000] SLUB: HWalign=64, Order=0-3, MinObjects=0, CPUs=6, Nodes=1
[    0.000000] ftrace: allocating 39508 entries in 155 pages
[    0.004000] Hierarchical RCU implementation.
[    0.004000] 	RCU restricting CPUs from NR_CPUS=8192 to nr_cpu_ids=6.
[    0.004000] 	Tasks RCU enabled.
[    0.004000] RCU: Adjusting geometry for rcu_fanout_leaf=16, nr_cpu_ids=6
[    0.004000] NR_IRQS: 524544, nr_irqs: 472, preallocated irqs: 16
[    0.004000] random: crng init done
[    0.004000] Console: colour VGA+ 80x25
[    0.004000] console [tty1] enabled
[    0.004000] console [ttyS0] enabled
[    0.004000] ACPI: Core revision 20170831
[    0.004000] ACPI: 2 ACPI AML tables successfully acquired and loaded
[    0.004000] APIC: Switch to symmetric I/O mode setup
[    0.004000] ..TIMER: vector=0x30 apic1=0 pin1=2 apic2=-1 pin2=-1
[    0.004006] tsc: Detected 2918.398 MHz processor
[    0.007137] Calibrating delay loop (skipped) preset value.. 5836.79 BogoMIPS (lpj=11673592)
[    0.008005] pid_max: default: 32768 minimum: 301
[    0.012066] Security Framework initialized
[    0.014674] Yama: becoming mindful.
[    0.016171] AppArmor: AppArmor initialized
[    0.042387] Dentry cache hash table entries: 1048576 (order: 11, 8388608 bytes)
[    0.058280] Inode-cache hash table entries: 524288 (order: 10, 4194304 bytes)
[    0.060412] Mount-cache hash table entries: 16384 (order: 5, 131072 bytes)
[    0.068213] Mountpoint-cache hash table entries: 16384 (order: 5, 131072 bytes)
[    0.073514] Last level iTLB entries: 4KB 0, 2MB 0, 4MB 0
[    0.076003] Last level dTLB entries: 4KB 0, 2MB 0, 4MB 0, 1GB 0
[    0.080004] Spectre V1 : Mitigation: usercopy/swapgs barriers and __user pointer sanitization
[    0.084006] Spectre V2 : Mitigation: Enhanced IBRS
[    0.088002] Spectre V2 : Spectre v2 / SpectreRSB mitigation: Filling RSB on context switch
[    0.092002] Spectre V2 : Spectre v2 / PBRSB-eIBRS: Retire a single CALL on VMEXIT
[    0.096002] RETBleed: Mitigation: Enhanced IBRS
[    0.100002] Speculative Store Bypass: Vulnerable
[    0.104158] Freeing SMP alternatives memory: 36K
[    0.221886] APIC calibration not consistent with PM-Timer: 103ms instead of 100ms
[    0.224000] APIC delta adjusted to PM-Timer: 6310634 (6561541)
[    0.224251] smpboot: CPU0: 11th Gen Intel(R) Core(TM) i5-11500H @ 2.90GHz (family: 0x6, model: 0x8d, stepping: 0x1)
[    0.228306] Performance Events: unsupported p6 CPU model 141 no PMU driver, software events only.
[    0.232111] Hierarchical SRCU implementation.
[    0.236676] NMI watchdog: Perf event create on CPU 0 failed with -2
[    0.240003] NMI watchdog: Perf NMI watchdog permanently disabled
[    0.244596] smp: Bringing up secondary CPUs ...
[    0.248513] x86: Booting SMP configuration:
[    0.250965] .... node  #0, CPUs:      #1
[    0.004000] kvm-clock: cpu 1, msr 2:1ff50041, secondary cpu clock
[    0.260000] TSC synchronization [CPU#0 -> CPU#1]:
[    0.260000] Measured 96398 cycles TSC warp between CPUs, turning off TSC clock.
[    0.260000] tsc: Marking TSC unstable due to check_tsc_sync_source failed
[    0.264526]  #2
[    0.004000] kvm-clock: cpu 2, msr 2:1ff50081, secondary cpu clock
[    0.270184]  #3
[    0.004000] kvm-clock: cpu 3, msr 2:1ff500c1, secondary cpu clock
[    0.276619]  #4
[    0.004000] kvm-clock: cpu 4, msr 2:1ff50101, secondary cpu clock
[    0.281969]  #5
[    0.004000] kvm-clock: cpu 5, msr 2:1ff50141, secondary cpu clock
[    0.292017] smp: Brought up 1 node, 6 CPUs
[    0.294957] smpboot: Max logical packages: 1
[    0.296000] smpboot: Total of 6 processors activated (35020.77 BogoMIPS)
[    0.300421] devtmpfs: initialized
[    0.302300] x86/mm: Memory block size: 128MB
[    0.305155] evm: security.selinux
[    0.308003] evm: security.SMACK64
[    0.310217] evm: security.SMACK64EXEC
[    0.312003] evm: security.SMACK64TRANSMUTE
[    0.314531] evm: security.SMACK64MMAP
[    0.316003] evm: security.apparmor
[    0.318377] evm: security.ima
[    0.320002] evm: security.capability
[    0.324083] clocksource: jiffies: mask: 0xffffffff max_cycles: 0xffffffff, max_idle_ns: 7645041785100000 ns
[    0.328057] futex hash table entries: 2048 (order: 5, 131072 bytes)
[    0.332416] pinctrl core: initialized pinctrl subsystem
[    0.336382] RTC time: 13:31:55, date: 07/12/24
[    0.340109] NET: Registered protocol family 16
[    0.342874] audit: initializing netlink subsys (disabled)
[    0.344241] audit: type=2000 audit(1720791121.065:1): state=initialized audit_enabled=0 res=1
[    0.348005] cpuidle: using governor ladder
[    0.352010] cpuidle: using governor menu
[    0.354432] ACPI: bus type PCI registered
[    0.356003] acpiphp: ACPI Hot Plug PCI Controller Driver version: 0.5
[    0.360424] PCI: Using configuration type 1 for base access
[    0.368847] HugeTLB registered 2.00 MiB page size, pre-allocated 0 pages
[    0.372439] ACPI: Added _OSI(Module Device)
[    0.376077] ACPI: Added _OSI(Processor Device)
[    0.378857] ACPI: Added _OSI(3.0 _SCP Extensions)
[    0.380007] ACPI: Added _OSI(Processor Aggregator Device)
[    0.384004] ACPI: Added _OSI(Linux-Dell-Video)
[    0.386687] ACPI: Added _OSI(Linux-Lenovo-NV-HDMI-Audio)
[    0.388004] ACPI: Added _OSI(Linux-HPI-Hybrid-Graphics)
[    0.392621] ACPI: Executed 1 blocks of module-level executable AML code
[    0.400710] ACPI: Interpreter enabled
[    0.402996] ACPI: (supports S0 S5)
[    0.404003] ACPI: Using IOAPIC for interrupt routing
[    0.408292] PCI: Using host bridge windows from ACPI; if necessary, use "pci=nocrs" and report a bug
[    0.412197] ACPI: Enabled 2 GPEs in block 00 to 07
[    0.421067] ACPI: PCI Root Bridge [PCI0] (domain 0000 [bus 00-ff])
[    0.424014] acpi PNP0A03:00: _OSC: OS supports [ASPM ClockPM Segments MSI]
[    0.428000] acpi PNP0A03:00: _OSC: not requesting OS control; OS requires [ExtendedConfig ASPM ClockPM MSI]
[    0.428023] acpi PNP0A03:00: fail to add MMCONFIG information, can't access extended PCI configuration space under this bridge.
[    0.436242] PCI host bridge to bus 0000:00
[    0.439024] pci_bus 0000:00: root bus resource [io  0x0000-0x0cf7 window]
[    0.440003] pci_bus 0000:00: root bus resource [io  0x0d00-0xffff window]
[    0.444003] pci_bus 0000:00: root bus resource [mem 0x000a0000-0x000bffff window]
[    0.448011] pci_bus 0000:00: root bus resource [mem 0xe0000000-0xfdffffff window]
[    0.452006] pci_bus 0000:00: root bus resource [bus 00-ff]
[    0.460990] pci 0000:00:01.1: legacy IDE quirk: reg 0x10: [io  0x01f0-0x01f7]
[    0.464003] pci 0000:00:01.1: legacy IDE quirk: reg 0x14: [io  0x03f6]
[    0.468003] pci 0000:00:01.1: legacy IDE quirk: reg 0x18: [io  0x0170-0x0177]
[    0.472003] pci 0000:00:01.1: legacy IDE quirk: reg 0x1c: [io  0x0376]
[    0.491734] pci 0000:00:07.0: quirk: [io  0x4000-0x403f] claimed by PIIX4 ACPI
[    0.492027] pci 0000:00:07.0: quirk: [io  0x4100-0x410f] claimed by PIIX4 SMB
[    0.502683] ACPI: PCI Interrupt Link [LNKA] (IRQs 5 9 10 *11)
[    0.504421] ACPI: PCI Interrupt Link [LNKB] (IRQs 5 9 *10 11)
[    0.508153] ACPI: PCI Interrupt Link [LNKC] (IRQs 5 *9 10 11)
[    0.512144] ACPI: PCI Interrupt Link [LNKD] (IRQs 5 9 10 *11)
[    0.516000] SCSI subsystem initialized
[    0.516205] pci 0000:00:02.0: vgaarb: setting as boot VGA device
[    0.519557] pci 0000:00:02.0: vgaarb: VGA device added: decodes=io+mem,owns=io+mem,locks=none
[    0.520084] pci 0000:00:02.0: vgaarb: bridge control possible
[    0.524004] vgaarb: loaded
[    0.528042] ACPI: bus type USB registered
[    0.530523] usbcore: registered new interface driver usbfs
[    0.532011] usbcore: registered new interface driver hub
[    0.536013] usbcore: registered new device driver usb
[    0.539325] EDAC MC: Ver: 3.0.0
[    0.544230] PCI: Using ACPI for IRQ routing
[    0.547455] NetLabel: Initializing
[    0.548002] NetLabel:  domain hash size = 128
[    0.550973] NetLabel:  protocols = UNLABELED CIPSOv4 CALIPSO
[    0.552025] NetLabel:  unlabeled traffic allowed by default
[    0.556606] clocksource: Switched to clocksource kvm-clock
[    0.564837] VFS: Disk quotas dquot_6.6.0
[    0.564837] VFS: Dquot-cache hash table entries: 512 (order 0, 4096 bytes)
[    0.564837] AppArmor: AppArmor Filesystem Enabled
[    0.564837] pnp: PnP ACPI init
[    0.564837] pnp: PnP ACPI: found 3 devices
[    0.635803] clocksource: acpi_pm: mask: 0xffffff max_cycles: 0xffffff, max_idle_ns: 2085701024 ns
[    0.636172] NET: Registered protocol family 2
[    0.636172] IP idents hash table entries: 131072 (order: 8, 1048576 bytes)
[    0.636172] TCP established hash table entries: 65536 (order: 7, 524288 bytes)
[    0.658803] TCP bind hash table entries: 65536 (order: 8, 1048576 bytes)
[    0.665568] TCP: Hash tables configured (established 65536 bind 65536)
[    0.666925] UDP hash table entries: 4096 (order: 5, 131072 bytes)
[    0.666925] UDP-Lite hash table entries: 4096 (order: 5, 131072 bytes)
[    0.666925] NET: Registered protocol family 1
[    0.666925] pci 0000:00:00.0: Limiting direct PCI/PCI transfers
[    0.666925] pci 0000:00:01.0: Activating ISA DMA hang workarounds
[    0.666925] pci 0000:00:02.0: Video device with shadowed ROM at [mem 0x000c0000-0x000dffff]
[    0.666925] Unpacking initramfs...
[    0.666925] Freeing initrd memory: 20396K
[    0.666925] PCI-DMA: Using software bounce buffering for IO (SWIOTLB)
[    0.666925] software IO TLB: mapped [mem 0xdbff0000-0xdfff0000] (64MB)
[    0.666925] clocksource: tsc: mask: 0xffffffffffffffff max_cycles: 0x2a1126e309d, max_idle_ns: 440795258009 ns
[    0.666925] platform rtc_cmos: registered platform RTC device (no PNP device found)
[    0.666925] Scanning for low memory corruption every 60 seconds
[    1.065490] Initialise system trusted keyrings
[    1.068086] Key type blacklist registered
[    1.071009] workingset: timestamp_bits=36 max_order=21 bucket_order=0
[    1.076847] zbud: loaded
[    1.079335] squashfs: version 4.0 (2009/01/31) Phillip Lougher
[    1.084891] fuse init (API version 7.26)
[    1.111451] Key type asymmetric registered
[    1.114080] Asymmetric key parser 'x509' registered
[    1.117159] Block layer SCSI generic (bsg) driver version 0.4 loaded (major 246)
[    1.122531] io scheduler noop registered
[    1.126031] io scheduler deadline registered
[    1.128732] io scheduler cfq registered (default)
[    1.133137] ACPI: AC Adapter [AC] (on-line)
[    1.135721] input: Power Button as /devices/LNXSYSTM:00/LNXPWRBN:00/input/input0
[    1.140613] ACPI: Power Button [PWRF]
[    1.143038] input: Sleep Button as /devices/LNXSYSTM:00/LNXSLPBN:00/input/input1
[    1.147551] ACPI: Sleep Button [SLPF]
[    1.151789] ACPI: Battery Slot [BAT0] (battery present)
[    1.155650] Serial: 8250/16550 driver, 32 ports, IRQ sharing enabled
[    1.185048] 00:02: ttyS0 at I/O 0x3f8 (irq = 4, base_baud = 115200) is a 16550A
[    1.202831] Linux agpgart interface v0.103
[    1.215250] loop: module loaded
[    1.220636] scsi host0: ata_piix
[    1.223906] scsi host1: ata_piix
[    1.226618] ata1: PATA max UDMA/33 cmd 0x1f0 ctl 0x3f6 bmdma 0xd000 irq 14
[    1.230960] ata2: PATA max UDMA/33 cmd 0x170 ctl 0x376 bmdma 0xd008 irq 15
[    1.235617] tun: Universal TUN/TAP device driver, 1.6
[    1.240588] PPP generic driver version 2.4.2
[    1.244146] ehci_hcd: USB 2.0 'Enhanced' Host Controller (EHCI) Driver
[    1.248861] ehci-pci: EHCI PCI platform driver
[    1.251838] ehci-platform: EHCI generic platform driver
[    1.252820] ohci_hcd: USB 1.1 'Open' Host Controller (OHCI) Driver
[    1.252820] ohci-pci: OHCI PCI platform driver
[    1.252820] ohci-platform: OHCI generic platform driver
[    1.252820] uhci_hcd: USB Universal Host Controller Interface driver
[    1.252820] i8042: PNP: PS/2 Controller [PNP0303:PS2K,PNP0f03:PS2M] at 0x60,0x64 irq 1,12
[    1.277484] serio: i8042 KBD port at 0x60,0x64 irq 1
[    1.281199] serio: i8042 AUX port at 0x60,0x64 irq 12
[    1.285662] mousedev: PS/2 mouse device common for all mice
[    1.291681] rtc_cmos rtc_cmos: rtc core: registered rtc_cmos as rtc0
[    1.297750] rtc_cmos rtc_cmos: alarms up to one day, 114 bytes nvram
[    1.301953] input: AT Translated Set 2 keyboard as /devices/platform/i8042/serio0/input/input2
[    1.305876] i2c /dev entries driver
[    1.310483] device-mapper: uevent: version 1.0.3
[    1.314535] device-mapper: ioctl: 4.37.0-ioctl (2017-09-20) initialised: dm-devel@redhat.com
[    1.321973] ledtrig-cpu: registered to indicate activity on CPUs
[    1.327181] NET: Registered protocol family 10
[    1.340400] Segment Routing with IPv6
[    1.343542] NET: Registered protocol family 17
[    1.347893] Key type dns_resolver registered
[    1.354360] mce: Using 0 MCE banks
[    1.356710] RAS: Correctable Errors collector initialized.
[    1.360251] sched_clock: Marking stable (1360189493, 0)->(2413012788, -1052823295)
[    1.374618] registered taskstats version 1
[    1.377740] Loading compiled-in X.509 certificates
[    1.385560] Loaded X.509 cert 'Build time autogenerated kernel key: cdc7189136aaa35407544516090e2034d9c28e14'
[    1.392131] Loaded X.509 cert 'Canonical Ltd. Live Patch Signing: 14df34d1a87cf37625abec039ef2bf521249b969'
[    1.401137] Loaded X.509 cert 'Canonical Ltd. Kernel Module Signing: 88f752e560a1e0737e31163a466ad7b70a850c19'
[    1.407604] blacklist: Loading compiled-in revocation X.509 certificates
[    1.411851] Loaded X.509 cert 'Canonical Ltd. Secure Boot Signing: 61482aa2830d0ab2ad5af10b7250da9033ddcef0'
[    1.418031] Loaded X.509 cert 'Canonical Ltd. Secure Boot Signing (2017): 242ade75ac4a15e50d50c84b0d45ff3eae707a03'
[    1.424861] Loaded X.509 cert 'Canonical Ltd. Secure Boot Signing (ESM 2018): 365188c1d374d6b07c3c8f240f8ef722433d6a8b'
[    1.431648] Loaded X.509 cert 'Canonical Ltd. Secure Boot Signing (2019): c0746fd6c5da3ae827864651ad66ae47fe24b3e8'
[    1.438367] Loaded X.509 cert 'Canonical Ltd. Secure Boot Signing (2021 v1): a8d54bbb3825cfb94fa13c9f8a594a195c107b8d'
[    1.445354] Loaded X.509 cert 'Canonical Ltd. Secure Boot Signing (2021 v2): 4cf046892d6fd3c9a5b03f98d845f90851dc6a8c'
[    1.452118] Loaded X.509 cert 'Canonical Ltd. Secure Boot Signing (2021 v3): 100437bb6de6e469b581e61cd66bce3ef4ed53af'
[    1.459104] Loaded X.509 cert 'Canonical Ltd. Secure Boot Signing (Ubuntu Core 2019): c1d57b8f6b743f23ee41f4f7ee292f06eecadfb9'
[    1.466520] zswap: loaded using pool lzo/zbud
[    1.482826] Key type big_key registered
[    1.485701] Key type trusted registered
[    1.492729] Key type encrypted registered
[    1.495490] AppArmor: AppArmor sha1 policy hashing enabled
[    1.499033] ima: No TPM chip found, activating TPM-bypass! (rc=-19)
[    1.503125] ima: Allocated hash algorithm: sha1
[    1.506271] evm: HMAC attrs: 0x1
[    1.508928]   Magic number: 0:763:533
[    1.511563] tty ttyS13: hash matches
[    1.516102] rtc_cmos rtc_cmos: setting system clock to 2024-07-12 13:31:57 UTC (1720791117)
[    1.521640] BIOS EDD facility v0.16 2004-Jun-25, 0 devices found
[    1.525359] EDD information not available.
[    1.532510] Freeing unused kernel image memory: 2480K
[    1.548915] Write protecting the kernel read-only data: 20480k
[    1.554042] Freeing unused kernel image memory: 2008K
[    1.557806] Freeing unused kernel image memory: 1820K
[    1.564342] x86/mm: Checked W+X mappings: passed, no W+X pages found.
Loading, please wait...
starting version 237
[    1.648722] e1000: Intel(R) PRO/1000 Network Driver - version 7.3.21-k8-NAPI
[    1.653622] e1000: Copyright (c) 1999-2006 Intel Corporation.
[    1.659275] Fusion MPT base driver 3.04.20
[    1.663235] Copyright (c) 1999-2008 LSI Corporation
[    1.701472] Fusion MPT SPI Host driver 3.04.20
[    1.717671] SSE version of gcm_enc/dec engaged.
[    1.929513] input: ImExPS/2 Generic Explorer Mouse as /devices/platform/i8042/serio1/input/input4
[    2.309537] e1000 0000:00:03.0 eth0: (PCI:33MHz:32-bit) 02:3b:7b:b7:3b:2d
[    2.314482] e1000 0000:00:03.0 eth0: Intel(R) PRO/1000 Network Connection
[    2.324198] mptbase: ioc0: Initiating bringup
[    2.325161] e1000 0000:00:03.0 enp0s3: renamed from eth0
[    2.493897] ioc0: LSI53C1030 A0: Capabilities={Initiator}
[    3.489171] scsi host2: ioc0: LSI53C1030 A0, FwRev=00000000h, Ports=1, MaxQ=256, IRQ=20
[    3.834561] scsi 2:0:0:0: Direct-Access     VBOX     HARDDISK         1.0  PQ: 0 ANSI: 5
[    3.876410] scsi target2:0:0: Beginning Domain Validation
[    3.885346] scsi target2:0:0: Domain Validation skipping write tests
[    3.889521] scsi target2:0:0: Ending Domain Validation
[    3.893198] scsi target2:0:0: asynchronous
[    3.897917] scsi 2:0:1:0: Direct-Access     VBOX     HARDDISK         1.0  PQ: 0 ANSI: 5
[    4.754846] scsi target2:0:1: Beginning Domain Validation
[    4.765958] scsi target2:0:1: Domain Validation skipping write tests
[    4.769862] scsi target2:0:1: Ending Domain Validation
[    4.773368] scsi target2:0:1: asynchronous
[    4.786542] sd 2:0:0:0: Attached scsi generic sg0 type 0
[    4.787814] sd 2:0:0:0: [sda] 83886080 512-byte logical blocks: (42.9 GB/40.0 GiB)
[    4.790884] sd 2:0:1:0: Attached scsi generic sg1 type 0
[    4.796207] sd 2:0:0:0: [sda] Write Protect is off
[    4.800692] sd 2:0:1:0: [sdb] 20480 512-byte logical blocks: (10.5 MB/10.0 MiB)
[    4.808288] sd 2:0:1:0: [sdb] Write Protect is off
[    4.808718] sd 2:0:0:0: [sda] Incomplete mode parameter data
[    4.815050] sd 2:0:0:0: [sda] Assuming drive cache: write through
[    4.815923] sd 2:0:1:0: [sdb] Incomplete mode parameter data
[    4.822498] sd 2:0:1:0: [sdb] Assuming drive cache: write through
[    4.830691]  sda: sda1
[    4.835274] sd 2:0:1:0: [sdb] Attached SCSI disk
[    4.835747] sd 2:0:0:0: [sda] Attached SCSI disk
Begin: Loading essential drivers ... [    6.864275] raid6: sse2x1   gen() 16380 MB/s
[    6.913263] raid6: sse2x1   xor() 10574 MB/s
[    6.960189] raid6: sse2x2   gen() 20990 MB/s
[    7.008373] raid6: sse2x2   xor() 14774 MB/s
[    7.056680] raid6: sse2x4   gen() 22151 MB/s
[    7.104418] raid6: sse2x4   xor() 12025 MB/s
[    7.108685] raid6: using algorithm sse2x4 gen() 22151 MB/s
[    7.112443] raid6: .... xor() 12025 MB/s, rmw enabled
[    7.116660] raid6: using ssse3x2 recovery algorithm
[    7.130804] xor: measuring software checksum speed
[    7.174364]    prefetch64-sse: 34591.000 MB/sec
[    7.217236]    generic_sse: 30230.000 MB/sec
[    7.220246] xor: using function: prefetch64-sse (34591.000 MB/sec)
[    7.229918] async_tx: api initialized (async)
done.
Begin: Running /scripts/init-premount ... done.
Begin: Mounting root file system ... Begin: Running /scripts/local-top ... done.
Begin: Running /scripts/local-premount ... [    7.303329] Btrfs loaded, crc32c=crc32c-intel
Scanning for Btrfs filesystems
done.
Begin: Will now check root file system ... fsck from util-linux 2.31.1
[/sbin/fsck.ext4 (1) -- /dev/sda1] fsck.ext4 -a -C0 /dev/sda1 
cloudimg-rootfs: clean, 155513/5120000 files, 2103028/10485499 blocks
done.
[    7.363570] EXT4-fs (sda1): mounted filesystem with ordered data mode. Opts: (null)
done.
Begin: Running /scripts/local-bottom ... done.
Begin: Running /scripts/init-bottom ... done.
[    7.600974] ip_tables: (C) 2000-2006 Netfilter Core Team
[    7.617106] systemd[1]: systemd 237 running in system mode. (+PAM +AUDIT +SELINUX +IMA +APPARMOR +SMACK +SYSVINIT +UTMP +LIBCRYPTSETUP +GCRYPT +GNUTLS +ACL +XZ +LZ4 +SECCOMP +BLKID +ELFUTILS +KMOD -IDN2 +IDN -PCRE2 default-hierarchy=hybrid)
[    7.630077] systemd[1]: Detected virtualization oracle.
[    7.633759] systemd[1]: Detected architecture x86-64.

Welcome to [1mUbuntu 18.04.6 LTS[0m!

[    7.719425] systemd[1]: Set hostname to <ubuntu-bionic>.
[    8.523563] systemd[1]: Reached target User and Group Name Lookups.
[[0;32m  OK  [0m] Reached target User and Group Name Lookups.
[    8.529364] systemd[1]: Reached target System Time Synchronized.
[[0;32m  OK  [0m] Reached target System Time Synchronized.
[    8.534876] systemd[1]: Started Forward Password Requests to Wall Directory Watch.
[[0;32m  OK  [0m] Started Forward Password Requests to Wall Directory Watch.
[    8.541775] systemd[1]: Reached target Mounting snaps.
[[0;32m  OK  [0m] Reached target Mounting snaps.
[    8.578096] systemd[1]: Created slice User and Session Slice.
[[0;32m  OK  [0m] Created slice User and Session Slice.
[    8.584208] systemd[1]: Set up automount Arbitrary Executable File Formats File System Automount Point.
[[0;32m  OK  [0m] Set up automount Arbitrary Executabâ€¦rmats File System Automount Point.
[[0;32m  OK  [0m] Created slice System Slice.
[[0;32m  OK  [0m] Listening on Journal Audit Socket.
[[0;32m  OK  [0m] Listening on fsck to fsckd communication Socket.
[[0;32m  OK  [0m] Listening on Journal Socket.
         Mounting Huge Pages File System...
         Starting Set the console keyboard layout...
         Mounting Kernel Debug File System...
[[0;32m  OK  [0m] Listening on Journal Socket (/dev/log).
[[0;32m  OK  [0m] Listening on udev Kernel Socket.
[[0;32m  OK  [0m] Listening on Syslog Socket.
         Starting Journal Service...
[[0;32m  OK  [0m] Listening on udev Control Socket.
         Starting udev Coldplug all Devices...
         Starting Create list of required stâ€¦ce nodes for the current kernel...
         Starting Uncomplicated firewall...
         Starting Remount Root and Kernel File Systems...
         Mounting POSIX Message Queue File System...
[[0;32m  OK  [0m] Listening on LVM2 poll daemon socket.
[[0;32m  OK  [0m] Listening on /dev/initctl Compatibility Named Pipe.
[[0;32m  OK  [0m] Reached target Slices.
[[0;32m  OK  [0m] Created slice system-serial\x2dgetty.slice.
[[0;32m  OK  [0m] Reached target Mounted snaps.
[[0;32m  OK  [0m] Listening on Network Service Netlink Socket.
[[0;32m  OK  [0m] Listening on LVM2 metadata daemon socket.
[[0;32m  OK  [0m] Listening on Device-mapper event daemon FIFOs.
         Starting Monitoring of LVM2 mirrorsâ€¦ng dmeventd or progress polling...
         Starting Load Kernel Modules...
[[0;32m  OK  [0m] Reached target Swap.
[[0;32m  OK  [0m] Started Journal Service.
[[0;32m  OK  [0m] Mounted Huge Pages File System.
[[0;32m  OK  [0m] Started Set the console keyboard layout.
[[0;32m  OK  [0m] Mounted Kernel Debug File System.
[    8.780278] EXT4-fs (sda1): re-mounted. Opts: (null)
[[0;32m  OK  [0m] Started Create list of required staâ€¦vice nodes for the current kernel.
[[0;32m  OK  [0m] Started Uncomplicated firewall.
[[0;32m  OK  [0m] Started Remount Root and Kernel File Systems.
[[0;32m  OK  [0m] Mounted POSIX Message Queue File System.
[[0;32m  OK  [0m] Started LVM2 metadata daemon.
         Starting Load/Save Random Seed...
         Starting Create Static Device Nodes in /dev...
         Starting Flush Journal to Persistent Storage...
[[0;32m  OK  [0m] Started udev Coldplug all Devices.
[    8.816511] Loading iSCSI transport class v2.0-870.
[[0;32m  OK  [0m] Started Load/Save Random Seed.
[[0;32m  OK  [0m] Started Create Static Device Nodes in /dev.
         Starting udev Kernel Device Manager...
[    8.894643] systemd-journald[454]: Received request to flush runtime journal from PID 1
[    8.923930] iscsi: registered transport (tcp)
[[0;32m  OK  [0m] Started udev Kernel Device Manager.
[[0;32m  OK  [0m] Started Dispatch Password Requests to Console Directory Watch.
[[0;32m  OK  [0m] Reached target Local Encrypted Volumes.
[[0;32m  OK  [0m] Started Monitoring of LVM2 mirrors,â€¦sing dmeventd or progress polling.
[[0;32m  OK  [0m] Reached target Local File Systems (Pre).
[[0;32m  OK  [0m] Reached target Local File Systems.
         Starting Set console font and keymap...
         Starting AppArmor initialization...
         Starting Tell Plymouth To Write Out Runtime Data...
         Starting ebtables ruleset management...
[[0;32m  OK  [0m] Started Set console font and keymap.
[[0;32m  OK  [0m] Started Tell Plymouth To Write Out Runtime Data.
[[0;32m  OK  [0m] Started Flush Journal to Persistent Storage.
         Starting Create Volatile Files and Directories...
[[0;32m  OK  [0m] Found device /dev/ttyS0.
[    9.518455] iscsi: registered transport (iser)
[[0;32m  OK  [0m] Started Load Kernel Modules.
         Mounting Kernel Configuration File System...
         Mounting FUSE Control File System...
         Starting Apply Kernel Variables...
[[0;32m  OK  [0m] Started ebtables ruleset management.
[[0;32m  OK  [0m] Mounted Kernel Configuration File System.
[[0;32m  OK  [0m] Mounted FUSE Control File System.
[    9.552796] ACPI: Video Device [GFX0] (multi-head: yes  rom: no  post: no)
[    9.565168] input: Video Bus as /devices/LNXSYSTM:00/LNXSYBUS:00/PNP0A03:00/LNXVIDEO:00/input/input5
[    9.649794] vgdrvHeartbeatInit: Setting up heartbeat to trigger every 2000 milliseconds
[[0;32m  OK  [0m] Started Crea[    9.659082] input: Unspecified device as /devices/pci0000:00/0000:00:04.0/input/input6
te Volatile Files and Directories.
         Starting Update UTMP about System Boot/Shutdown...
[[0;32m  OK  [0m] Listening on Load/Save RF Kill Switch Status /dev/rfkill Wat[    9.670557] vboxguest: misc device minor 57, IRQ 20, I/O port d020, MMIO at 00000000f0400000 (size 0x400000)
ch.
[[0;32m  OK  [0m] Started Update UTMP about System Boot/Shutdown.
[[0;32m  OK  [0m] Started Apply Kernel Variables.
[[0;32m  OK  [0m] Started AppArmor initialization.
         Mounting Arbitrary Executable File Formats File System...
         Starting Load AppArmor profiles managed internally by snapd...
         Starting Initial cloud-init job (pre-networking)...
[[0;32m  OK  [0m] Mounted Arbitrary Executable File Formats File System.
[[0;32m  OK  [0m] Started Load AppArmor profiles managed internally by snapd.
[   11.517393] cloud-init[623]: Cloud-init v. 23.1.2-0ubuntu0~18.04.1 running 'init-local' at Fri, 12 Jul 2024 13:32:07 +0000. Up 11.34 seconds.
[[0;32m  OK  [0m] Started Initial cloud-init job (pre-networking).
[[0;32m  OK  [0m] Reached target Network (Pre).
         Starting Network Service...
[[0;32m  OK  [0m] Started Network Service.
         Starting Network Name Resolution...
         Starting Wait for Network to be Configured...
[[0;32m  OK  [0m] Started Network Name Resolution.
[[0;32m  OK  [0m] Reached target Network.
[[0;32m  OK  [0m] Reached target Host and Network Name Lookups.
[[0;32m  OK  [0m] Started Wait for Network to be Configured.
         Starting Initial cloud-init job (metadata service crawler)...
[   13.455272] cloud-init[733]: Cloud-init v. 23.1.2-0ubuntu0~18.04.1 running 'init' at Fri, 12 Jul 2024 13:32:09 +0000. Up 13.35 seconds.
[   13.458800] cloud-init[733]: ci-info: ++++++++++++++++++++++++++++++++++++++Net device info++++++++++++++++++++++++++++++++++++++
[   13.462128] cloud-init[733]: ci-info: +--------+------+----------------------------+---------------+--------+-------------------+
[   13.465590] cloud-init[733]: ci-info: | Device |  Up  |          Address           |      Mask     | Scope  |     Hw-Address    |
[   13.471237] cloud-init[733]: ci-info: +--------+------+----------------------------+---------------+--------+-------------------+
[   13.473996] cloud-init[733]: ci-info: | enp0s3 | True |         10.0.2.15          | 255.255.255.0 | global | 02:3b:7b:b7:3b:2d |
[   13.477053] cloud-init[733]: ci-info: | enp0s3 | True | fe80::3b:7bff:feb7:3b2d/64 |       .       |  link  | 02:3b:7b:b7:3b:2d |
[   13.479873] cloud-init[733]: ci-info: |   lo   | True |         127.0.0.1          |   255.0.0.0   |  host  |         .         |
[   13.482920] cloud-init[733]: ci-info: |   lo   | True |          ::1/128           |       .       |  host  |         .         |
[   13.486390] cloud-init[733]: ci-info: +--------+------+----------------------------+---------------+--------+-------------------+
[   13.491185] cloud-init[733]: ci-info: ++++++++++++++++++++++++++++Route IPv4 info+++++++++++++++++++++++++++++
[   13.495351] cloud-init[733]: ci-info: +-------+-------------+----------+-----------------+-----------+-------+
[   13.500568] cloud-init[733]: ci-info: | Route | Destination | Gateway  |     Genmask     | Interface | Flags |
[   13.505220] cloud-init[733]: ci-info: +-------+-------------+----------+-----------------+-----------+-------+
[   13.509343] cloud-init[733]: ci-info: |   0   |   0.0.0.0   | 10.0.2.2 |     0.0.0.0     |   enp0s3  |   UG  |
[   13.513069] cloud-init[733]: ci-info: |   1   |   10.0.2.0  | 0.0.0.0  |  255.255.255.0  |   enp0s3  |   U   |
[   13.516830] cloud-init[733]: ci-info: |   2   |   10.0.2.2  | 0.0.0.0  | 255.255.255.255 |   enp0s3  |   UH  |
[   13.520936] cloud-init[733]: ci-info: +-------+-------------+----------+-----------------+-----------+-------+
[   13.524811] cloud-init[733]: ci-info: +++++++++++++++++++Route IPv6 info+++++++++++++++++++
[   13.528200] cloud-init[733]: ci-info: +-------+-------------+---------+-----------+-------+
[   13.531728] cloud-init[733]: ci-info: | Route | Destination | Gateway | Interface | Flags |
[   13.535051] cloud-init[733]: ci-info: +-------+-------------+---------+-----------+-------+
[   13.538433] cloud-init[733]: ci-info: |   1   |  fe80::/64  |    ::   |   enp0s3  |   U   |
[   13.544964] cloud-init[733]: ci-info: |   3   |    local    |    ::   |   enp0s3  |   U   |
[   13.549333] cloud-init[733]: ci-info: |   4   |   ff00::/8  |    ::   |   enp0s3  |   U   |
[   13.553369] cloud-init[733]: ci-info: +-------+-------------+---------+-----------+-------+
[[0;32m  OK  [0m] Started Initial cloud-init job (metadata service crawler).
[[0;32m  OK  [0m] Reached target Network is Online.
         Starting Availability of block devices...
[[0;32m  OK  [0m] Reached target Remote File Systems (Pre).
         Mounting /vagrant...
[[0;32m  OK  [0m] Reached target Cloud-config availability.
[[0;32m  OK  [0m] Reached target System Initialization.
         Starting Docker Socket for the API.
[[0;32m  OK  [0m] Started ACPI Events Check.
[[0;32m  OK  [0m] Listening on UUID daemon activation socket.
[[0;32m  OK  [0m] Listening on cloud-init hotplug hook socket.
[[0;32m  OK  [0m] Started Message of the Day.
         Starting LXD - unix socket.
[[0;32m  OK  [0m] Started Daily Cleanup of Temporary Directories.
[[0;32m  OK  [0m] Listening on ACPID Listen Socket.
[[0;32m  OK  [0m] Reached target Paths.
[[0;32m  OK  [0m] Listening on D-Bus System Message Bus Socket.
[[0;32m  OK  [0m] Started Daily apt download activities.
[[0;32m  OK  [0m] Started Daily apt upgrade and clean activities.
[[0;32m  OK  [0m] Listening on Open-iSCSI iscsid Socket.
         Starting Socket activation for snappy daemon.
[[0;32m  OK  [0m] Started Ubuntu Advantage Timer for running repeated jobs.
[[0;32m  OK  [0m] Started Discard unused blocks once a week.
[[0;32m  OK  [0m] Reached target Timers.
[[0;32m  OK  [0m] Started Availability of block devices.
[[0;32m  OK  [0m] Mounted /vagrant.
[[0;32m  OK  [0m] Listening on Docker Socket for the API.
[[0;32m  OK  [0m] Listening on LXD - unix socket.
[[0;32m  OK  [0m] Listening on Socket activation for snappy daemon.
[[0;32m  OK  [0m] Reached target Sockets.
[[0;32m  OK  [0m] Reached target Basic System.
[[0;32m  OK  [0m] Started FUSE filesystem for LXC.
         Starting Accounts Service...
         Starting System Logging Service...
         Starting Dispatcher daemon for systemd-networkd...
         Starting Login Service...
         Starting Virtualbox guest utils...
         Starting Snap Daemon...
         Starting LXD - container startup/shutdown...
         Starting LSB: Record successful boot for GRUB...
         Starting containerd container runtime...
[[0;32m  OK  [0m] Reached target Login Prompts (Pre).
         Starting Jenkins Continuous Integration Server...
[[0;32m  OK  [0m] Started Regular background program processing daemon.
         Starting OpenBSD Secure Shell server...
[[0;32m  OK  [0m] Started irqbalance daemon.
[[0;32m  OK  [0m] Started Deferred execution scheduler.
[[0;32m  OK  [0m] Started D-Bus System Message Bus.
[[0;32m  OK  [0m] Started Login Service.
[[0;32m  OK  [0m] Started Unattended Upgrades Shutdown.
[[0;32m  OK  [0m] Reached target Remote File Systems.
         Starting Permit User Sessions...
         Starting LSB: automatic crash report generation...
[[0;32m  OK  [0m] Started System Logging Service.
[[0;32m  OK  [0m] Started LXD - container startup/shutdown.
[[0;32m  OK  [0m] Started OpenBSD Secure Shell server.
[[0;32m  OK  [0m] Started Dispatcher daemon for systemd-networkd.
[[0;32m  OK  [0m] Started Permit User Sessions.
         Starting Hold until boot process finishes up...
         Starting Terminate Plymouth Boot Screen...
[[0;32m  OK  [0m] Started Hold until boot process finishes up.
         Starting Set console scheme...
[[0;32m  OK  [0m] Started Serial Getty on ttyS0.
[[0;32m  OK  [0m] Started Terminate Plymouth Boot Screen.
[[0;32m  OK  [0m] Started Set console scheme.
[[0;32m  OK  [0m] Created slice system-getty.slice.
[[0;32m  OK  [0m] Started Getty on tty1.
[[0;32m  OK  [0m] Reached target Login Prompts.
         Starting Authorization Manager...
[[0;32m  OK  [0m] Started LSB: Record successful boot for GRUB.
[[0;32m  OK  [0m] Started LSB: automatic crash report generation.
[[0;32m  OK  [0m] Started Virtualbox guest utils.
[[0;32m  OK  [0m] Started Authorization Manager.
[[0;32m  OK  [0m] Started Accounts Service.
[[0;32m  OK  [0m] Started Snap Daemon.
         Starting Wait until snapd is fully seeded...
[[0;32m  OK  [0m] Started containerd container runtime.
         Starting Docker Application Container Engine...
         Starting Time & Date Service...
[[0;32m  OK  [0m] Started Time & Date Service.
[[0;32m  OK  [0m] Started Wait until snapd is fully seeded.
         Starting Apply the settings specified in cloud-config...
[   18.174227] cloud-init[1331]: Cloud-init v. 23.1.2-0ubuntu0~18.04.1 running 'modules:config' at Fri, 12 Jul 2024 13:32:14 +0000. Up 18.04 seconds.
[[0;32m  OK  [0m] Started Apply the settings specified in cloud-config.
[[0;32m  OK  [0m] Created slice User Slice of vagrant.
         Starting User Manager for UID 1000...
[[0;32m  OK  [0m] Started Session 1 of user vagrant.
[[0;32m  OK  [0m] Started User Manager for UID 1000.

Ubuntu 18.04.6 LTS ubuntu-bionic ttyS0

ubuntu-bionic login: [   30.285895] cloud-init[2059]: Cloud-init v. 23.1.2-0ubuntu0~18.04.1 running 'modules:final' at Fri, 12 Jul 2024 13:32:26 +0000. Up 30.18 seconds.
[   30.286147] cloud-init[2059]: Cloud-init v. 23.1.2-0ubuntu0~18.04.1 finished at Fri, 12 Jul 2024 13:32:26 +0000. Datasource DataSourceNoCloud [seed=/dev/sdb][dsmode=net].  Up 30.27 seconds
